host: epyc015
Building DAG of jobs...
Your conda installation is not configured to use strict channel priorities. This is however important for having robust and correct environments (for details, see https://conda-forge.org/docs/user/tipsandtricks.html). Please consider to configure strict priorities by executing 'conda config --set channel_priority strict'.
Conda environment envs/snakemake.yaml will be created.
Job stats:
job                  count
-----------------  -------
align_and_sort           2
bcftools_call            2
depth                    2
flagstat                 2
index_bam                2
multisample_call         1
multisample_stats        1
variant_counts           2
all                      1
total                   15


[Mon Apr 20 14:58:13 2026]
rule align_and_sort:
    input: results/clean/Diglossa_baritula_77283_R1_001.clean.fastq.gz, results/clean/Diglossa_baritula_77283_R2_001.clean.fastq.gz, resources/hemoglobin_references.fasta
    output: results/bams/Diglossa_baritula_77283.sorted.bam
    jobid: 4
    reason: Missing output files: results/bams/Diglossa_baritula_77283.sorted.bam
    wildcards: sample=Diglossa_baritula_77283
    threads: 4
    resources: tmpdir=/tmp, disk_mb=1000, disk=1 GB, disk_mib=954, mem_mb=4000, mem=4 GB, mem_mib=3815, runtime=1, slurm_partition=priority, slurm_account=priority-bioe-591-genomics
[Mon Apr 20 14:58:13 2026]
rule align_and_sort:
    input: results/clean/Diglossa_baritula_114568_R1_001.clean.fastq.gz, results/clean/Diglossa_baritula_114568_R2_001.clean.fastq.gz, resources/hemoglobin_references.fasta
    output: results/bams/Diglossa_baritula_114568.sorted.bam
    jobid: 3
    reason: Missing output files: results/bams/Diglossa_baritula_114568.sorted.bam
    wildcards: sample=Diglossa_baritula_114568
    threads: 4
    resources: tmpdir=/tmp, disk_mb=1000, disk=1 GB, disk_mib=954, mem_mb=4000, mem=4 GB, mem_mib=3815, runtime=1, slurm_partition=priority, slurm_account=priority-bioe-591-genomics
[Mon Apr 20 14:58:13 2026]
rule bcftools_call:
    input: results/bams/Diglossa_baritula_114568.sorted.bam, resources/hemoglobin_references.fasta
    output: results/vcfs/Diglossa_baritula_114568.vcf
    jobid: 11
    reason: Missing output files: results/vcfs/Diglossa_baritula_114568.vcf; Input files updated by another job: results/bams/Diglossa_baritula_114568.sorted.bam
    wildcards: sample=Diglossa_baritula_114568
    resources: tmpdir=/tmp, disk_mb=<TBD>, disk=<TBD>, disk_mib=<TBD>, mem_mb=4000, mem=4 GB, mem_mib=3815, runtime=1, slurm_partition=priority, slurm_account=priority-bioe-591-genomics
[Mon Apr 20 14:58:13 2026]
rule bcftools_call:
    input: results/bams/Diglossa_baritula_77283.sorted.bam, resources/hemoglobin_references.fasta
    output: results/vcfs/Diglossa_baritula_77283.vcf
    jobid: 12
    reason: Missing output files: results/vcfs/Diglossa_baritula_77283.vcf; Input files updated by another job: results/bams/Diglossa_baritula_77283.sorted.bam
    wildcards: sample=Diglossa_baritula_77283
    resources: tmpdir=/tmp, disk_mb=<TBD>, disk=<TBD>, disk_mib=<TBD>, mem_mb=4000, mem=4 GB, mem_mib=3815, runtime=1, slurm_partition=priority, slurm_account=priority-bioe-591-genomics
[Mon Apr 20 14:58:13 2026]
rule flagstat:
    input: results/bams/Diglossa_baritula_77283.sorted.bam
    output: results/alignment_stats/Diglossa_baritula_77283.alignment_stats.txt
    jobid: 8
    reason: Missing output files: results/alignment_stats/Diglossa_baritula_77283.alignment_stats.txt; Input files updated by another job: results/bams/Diglossa_baritula_77283.sorted.bam
    wildcards: sample=Diglossa_baritula_77283
    resources: tmpdir=/tmp, disk_mb=<TBD>, disk=<TBD>, disk_mib=<TBD>, mem_mb=4000, mem=4 GB, mem_mib=3815, runtime=1, slurm_partition=priority, slurm_account=priority-bioe-591-genomics
[Mon Apr 20 14:58:13 2026]
rule index_bam:
    input: results/bams/Diglossa_baritula_114568.sorted.bam
    output: results/bams/Diglossa_baritula_114568.sorted.bam.bai
    jobid: 5
    reason: Missing output files: results/bams/Diglossa_baritula_114568.sorted.bam.bai; Input files updated by another job: results/bams/Diglossa_baritula_114568.sorted.bam
    wildcards: sample=Diglossa_baritula_114568
    resources: tmpdir=/tmp, disk_mb=<TBD>, disk=<TBD>, disk_mib=<TBD>, mem_mb=4000, mem=4 GB, mem_mib=3815, runtime=1, slurm_partition=priority, slurm_account=priority-bioe-591-genomics
[Mon Apr 20 14:58:13 2026]
rule depth:
    input: results/bams/Diglossa_baritula_77283.sorted.bam
    output: results/alignment_stats/Diglossa_baritula_77283.depth.txt
    jobid: 10
    reason: Missing output files: results/alignment_stats/Diglossa_baritula_77283.depth.txt; Input files updated by another job: results/bams/Diglossa_baritula_77283.sorted.bam
    wildcards: sample=Diglossa_baritula_77283
    resources: tmpdir=/tmp, disk_mb=<TBD>, disk=<TBD>, disk_mib=<TBD>, mem_mb=4000, mem=4 GB, mem_mib=3815, runtime=1, slurm_partition=priority, slurm_account=priority-bioe-591-genomics
[Mon Apr 20 14:58:13 2026]
rule depth:
    input: results/bams/Diglossa_baritula_114568.sorted.bam
    output: results/alignment_stats/Diglossa_baritula_114568.depth.txt
    jobid: 9
    reason: Missing output files: results/alignment_stats/Diglossa_baritula_114568.depth.txt; Input files updated by another job: results/bams/Diglossa_baritula_114568.sorted.bam
    wildcards: sample=Diglossa_baritula_114568
    resources: tmpdir=/tmp, disk_mb=<TBD>, disk=<TBD>, disk_mib=<TBD>, mem_mb=4000, mem=4 GB, mem_mib=3815, runtime=1, slurm_partition=priority, slurm_account=priority-bioe-591-genomics
[Mon Apr 20 14:58:13 2026]
rule multisample_call:
    input: results/bams/Diglossa_baritula_114568.sorted.bam, results/bams/Diglossa_baritula_77283.sorted.bam, resources/hemoglobin_references.fasta
    output: results/vcfs/MultiSample.vcf
    jobid: 15
    reason: Missing output files: results/vcfs/MultiSample.vcf; Input files updated by another job: results/bams/Diglossa_baritula_114568.sorted.bam, results/bams/Diglossa_baritula_77283.sorted.bam
    resources: tmpdir=/tmp, disk_mb=<TBD>, disk=<TBD>, disk_mib=<TBD>, mem_mb=4000, mem=4 GB, mem_mib=3815, runtime=1, slurm_partition=priority, slurm_account=priority-bioe-591-genomics
[Mon Apr 20 14:58:13 2026]
rule flagstat:
    input: results/bams/Diglossa_baritula_114568.sorted.bam
    output: results/alignment_stats/Diglossa_baritula_114568.alignment_stats.txt
    jobid: 7
    reason: Missing output files: results/alignment_stats/Diglossa_baritula_114568.alignment_stats.txt; Input files updated by another job: results/bams/Diglossa_baritula_114568.sorted.bam
    wildcards: sample=Diglossa_baritula_114568
    resources: tmpdir=/tmp, disk_mb=<TBD>, disk=<TBD>, disk_mib=<TBD>, mem_mb=4000, mem=4 GB, mem_mib=3815, runtime=1, slurm_partition=priority, slurm_account=priority-bioe-591-genomics
[Mon Apr 20 14:58:13 2026]
rule index_bam:
    input: results/bams/Diglossa_baritula_77283.sorted.bam
    output: results/bams/Diglossa_baritula_77283.sorted.bam.bai
    jobid: 6
    reason: Missing output files: results/bams/Diglossa_baritula_77283.sorted.bam.bai; Input files updated by another job: results/bams/Diglossa_baritula_77283.sorted.bam
    wildcards: sample=Diglossa_baritula_77283
    resources: tmpdir=/tmp, disk_mb=<TBD>, disk=<TBD>, disk_mib=<TBD>, mem_mb=4000, mem=4 GB, mem_mib=3815, runtime=1, slurm_partition=priority, slurm_account=priority-bioe-591-genomics
[Mon Apr 20 14:58:13 2026]
rule variant_counts:
    input: results/vcfs/Diglossa_baritula_114568.vcf
    output: results/vcfs/Diglossa_baritula_114568.variant_count.txt, results/vcfs/Diglossa_baritula_114568.snp_count.txt
    jobid: 13
    reason: Missing output files: results/vcfs/Diglossa_baritula_114568.variant_count.txt, results/vcfs/Diglossa_baritula_114568.snp_count.txt; Input files updated by another job: results/vcfs/Diglossa_baritula_114568.vcf
    wildcards: sample=Diglossa_baritula_114568
    resources: tmpdir=/tmp, disk_mb=<TBD>, disk=<TBD>, disk_mib=<TBD>, mem_mb=4000, mem=4 GB, mem_mib=3815, runtime=1, slurm_partition=priority, slurm_account=priority-bioe-591-genomics
[Mon Apr 20 14:58:13 2026]
rule variant_counts:
    input: results/vcfs/Diglossa_baritula_77283.vcf
    output: results/vcfs/Diglossa_baritula_77283.variant_count.txt, results/vcfs/Diglossa_baritula_77283.snp_count.txt
    jobid: 14
    reason: Missing output files: results/vcfs/Diglossa_baritula_77283.variant_count.txt, results/vcfs/Diglossa_baritula_77283.snp_count.txt; Input files updated by another job: results/vcfs/Diglossa_baritula_77283.vcf
    wildcards: sample=Diglossa_baritula_77283
    resources: tmpdir=/tmp, disk_mb=<TBD>, disk=<TBD>, disk_mib=<TBD>, mem_mb=4000, mem=4 GB, mem_mib=3815, runtime=1, slurm_partition=priority, slurm_account=priority-bioe-591-genomics
[Mon Apr 20 14:58:13 2026]
rule multisample_stats:
    input: results/vcfs/MultiSample.vcf
    output: results/vcfs/MultiSample_Summary.txt
    jobid: 16
    reason: Missing output files: results/vcfs/MultiSample_Summary.txt; Input files updated by another job: results/vcfs/MultiSample.vcf
    resources: tmpdir=/tmp, disk_mb=<TBD>, disk=<TBD>, disk_mib=<TBD>, mem_mb=4000, mem=4 GB, mem_mib=3815, runtime=1, slurm_partition=priority, slurm_account=priority-bioe-591-genomics
[Mon Apr 20 14:58:13 2026]
rule all:
    input: results/clean/Diglossa_baritula_114568_R1_001.clean.fastq.gz, results/clean/Diglossa_baritula_77283_R1_001.clean.fastq.gz, results/clean/Diglossa_baritula_114568_R2_001.clean.fastq.gz, results/clean/Diglossa_baritula_77283_R2_001.clean.fastq.gz, results/bams/Diglossa_baritula_114568.sorted.bam, results/bams/Diglossa_baritula_77283.sorted.bam, results/bams/Diglossa_baritula_114568.sorted.bam.bai, results/bams/Diglossa_baritula_77283.sorted.bam.bai, results/alignment_stats/Diglossa_baritula_114568.alignment_stats.txt, results/alignment_stats/Diglossa_baritula_77283.alignment_stats.txt, results/alignment_stats/Diglossa_baritula_114568.depth.txt, results/alignment_stats/Diglossa_baritula_77283.depth.txt, results/vcfs/Diglossa_baritula_114568.vcf, results/vcfs/Diglossa_baritula_77283.vcf, results/vcfs/Diglossa_baritula_114568.variant_count.txt, results/vcfs/Diglossa_baritula_77283.variant_count.txt, results/vcfs/Diglossa_baritula_114568.snp_count.txt, results/vcfs/Diglossa_baritula_77283.snp_count.txt, results/vcfs/MultiSample.vcf, results/vcfs/MultiSample_Summary.txt
    jobid: 0
    reason: Input files updated by another job: results/vcfs/Diglossa_baritula_114568.snp_count.txt, results/alignment_stats/Diglossa_baritula_114568.depth.txt, results/vcfs/Diglossa_baritula_114568.variant_count.txt, results/vcfs/Diglossa_baritula_114568.vcf, results/vcfs/MultiSample.vcf, results/vcfs/Diglossa_baritula_77283.snp_count.txt, results/bams/Diglossa_baritula_114568.sorted.bam, results/alignment_stats/Diglossa_baritula_77283.depth.txt, results/vcfs/MultiSample_Summary.txt, results/vcfs/Diglossa_baritula_77283.variant_count.txt, results/bams/Diglossa_baritula_114568.sorted.bam.bai, results/bams/Diglossa_baritula_77283.sorted.bam, results/alignment_stats/Diglossa_baritula_77283.alignment_stats.txt, results/vcfs/Diglossa_baritula_77283.vcf, results/alignment_stats/Diglossa_baritula_114568.alignment_stats.txt, results/bams/Diglossa_baritula_77283.sorted.bam.bai
    resources: tmpdir=/tmp, disk_mb=<TBD>, disk=<TBD>, disk_mib=<TBD>, mem_mb=4000, mem=4 GB, mem_mib=3815, runtime=1, slurm_partition=priority, slurm_account=priority-bioe-591-genomics
Job stats:
job                  count
-----------------  -------
align_and_sort           2
bcftools_call            2
depth                    2
flagstat                 2
index_bam                2
multisample_call         1
multisample_stats        1
variant_counts           2
all                      1
total                   15

Reasons:
    (check individual jobs above for details)
    input files updated by another job:
        all, bcftools_call, depth, flagstat, index_bam, multisample_call, multisample_stats, variant_counts
    output files have to be generated:
        align_and_sort, bcftools_call, depth, flagstat, index_bam, multisample_call, multisample_stats, variant_counts
This was a dry-run (flag -n). The order of jobs does not reflect the order of execution.
